// Vitest Snapshot v1, https://vitest.dev/guide/snapshot.html

exports[`should export stable 1`] = `
{
  "QUALIFIER_IMPL_MAP": Symbol(EggPrototype#qualifierImplMap),
  "QualifierImplDecoratorUtil": [Function],
  "QualifierImplUtil": [Function],
}
`;
