// Vitest Snapshot v1, https://vitest.dev/guide/snapshot.html

exports[`should export stable 1`] = `
{
  "Runner": [Function],
  "StandaloneUtil": [Function],
}
`;
