// Vitest Snapshot v1, https://vitest.dev/guide/snapshot.html

exports[`should export stable 1`] = `
{
  "AccessLevel": {
    "PRIVATE": "PRIVATE",
    "PUBLIC": "PUBLIC",
  },
  "Acl": [Function],
  "BackgroundTaskHelper": [Function],
  "BodyParamMeta": [Function],
  "CONSTRUCTOR_QUALIFIER_META_DATA": Symbol(EggPrototype#constructorQualifier),
  "CONTROLLER_ACL": Symbol(EggPrototype#controller#acl),
  "CONTROLLER_AOP_MIDDLEWARES": Symbol(EggPrototype#controller#aopMiddlewares),
  "CONTROLLER_HOST": Symbol(EggPrototype#controllerHost),
  "CONTROLLER_HTTP_PATH": Symbol(EggPrototype#controller#http#path),
  "CONTROLLER_META_DATA": Symbol(EggPrototype#controller#metaData),
  "CONTROLLER_METHOD_METHOD_MAP": Symbol(EggPrototype#controller#method#http#method),
  "CONTROLLER_METHOD_PARAM_NAME_MAP": Symbol(EggPrototype#controller#method#http#params#name),
  "CONTROLLER_METHOD_PARAM_TYPE_MAP": Symbol(EggPrototype#controller#method#http#params#type),
  "CONTROLLER_METHOD_PATH_MAP": Symbol(EggPrototype#controller#method#http#path),
  "CONTROLLER_METHOD_PRIORITY": Symbol(EggPrototype#controller#method#http#priority),
  "CONTROLLER_MIDDLEWARES": Symbol(EggPrototype#controller#middlewares),
  "CONTROLLER_NAME": Symbol(EggPrototype#controllerName),
  "CONTROLLER_TYPE": Symbol(EggPrototype#controllerType),
  "CORK_ID": Symbol(eventBus#corkId),
  "ConfigSourceQualifier": [Function],
  "ConfigSourceQualifierAttribute": Symbol(Qualifier.ConfigSource),
  "Context": [Function],
  "ContextProto": [Function],
  "ControllerInfoUtil": [Function],
  "ControllerMetaBuilderFactory": [Function],
  "ControllerMetadataUtil": [Function],
  "ControllerType": {
    "HEADERS": "HEADERS",
    "HTTP": "HTTP",
    "MESSAGE": "MESSAGE",
    "MGW_RPC": "MGW_RPC",
    "MGW_RPC_STREAM": "MGW_RPC_STREAM",
    "SCHEDULE": "SCHEDULE",
    "SOFA_RPC": "SOFA_RPC",
    "SOFA_RPC_STREAM": "SOFA_RPC_STREAM",
  },
  "ControllerValidator": [Function],
  "Cookies": [Function],
  "CookiesParamMeta": [Function],
  "DEFAULT_PROTO_IMPL_TYPE": "DEFAULT",
  "EVENT_CONTEXT_INJECT": Symbol(EggPrototype#event#handler#context#inject),
  "EVENT_NAME": Symbol(EggPrototype#eventName),
  "EggQualifier": [Function],
  "EggQualifierAttribute": Symbol(Qualifier.Egg),
  "EggType": {
    "APP": "APP",
    "CONTEXT": "CONTEXT",
  },
  "Event": [Function],
  "EventContext": [Function],
  "EventInfoUtil": [Function],
  "HTTPBody": [Function],
  "HTTPController": [Function],
  "HTTPControllerMeta": [Function],
  "HTTPControllerMetaBuilder": [Function],
  "HTTPControllerMethodMetaBuilder": [Function],
  "HTTPCookies": [Function],
  "HTTPHeaders": [Function],
  "HTTPInfoUtil": [Function],
  "HTTPMethod": [Function],
  "HTTPMethodEnum": {
    "DELETE": "DELETE",
    "GET": "GET",
    "HEAD": "HEAD",
    "OPTIONS": "OPTIONS",
    "PATCH": "PATCH",
    "POST": "POST",
    "PUT": "PUT",
  },
  "HTTPMethodMeta": [Function],
  "HTTPParam": [Function],
  "HTTPParamType": {
    "BODY": "BODY",
    "COOKIES": "COOKIES",
    "HEADERS": "HEADERS",
    "PARAM": "PARAM",
    "QUERIES": "QUERIES",
    "QUERY": "QUERY",
    "REQUEST": "REQUEST",
  },
  "HTTPPriorityUtil": [Function],
  "HTTPQueries": [Function],
  "HTTPQuery": [Function],
  "HTTPRequest": [Function],
  "HTTPResponse": [Function],
  "HeadersParamMeta": [Function],
  "Host": [Function],
  "INIT_TYPE_TRY_ORDER": [
    "CONTEXT",
    "SINGLETON",
    "ALWAYS_NEW",
  ],
  "IdenticalUtil": [Function],
  "InitTypeQualifier": [Function],
  "InitTypeQualifierAttribute": Symbol(Qualifier.InitType),
  "Inject": [Function],
  "InjectOptional": [Function],
  "InjectType": {
    "CONSTRUCTOR": "CONSTRUCTOR",
    "PROPERTY": "PROPERTY",
  },
  "LifecycleDestroy": [Function],
  "LifecycleInit": [Function],
  "LifecyclePostConstruct": [Function],
  "LifecyclePostInject": [Function],
  "LifecyclePreDestroy": [Function],
  "LifecyclePreInject": [Function],
  "LifecyclePreLoad": [Function],
  "LifecycleUtil": [Function],
  "LoadUnitNameQualifierAttribute": Symbol(Qualifier.LoadUnitName),
  "Logger": undefined,
  "METHOD_ACL": Symbol(EggPrototype#method#acl),
  "METHOD_AOP_MIDDLEWARES": Symbol(EggPrototype#method#aopMiddlewares),
  "METHOD_AOP_REGISTER_MAP": Symbol(EggPrototype#method#aopMiddlewaresRegister),
  "METHOD_CONTEXT_INDEX": Symbol(EggPrototype#controller#method#context),
  "METHOD_CONTROLLER_HOST": Symbol(EggPrototype#controller#mthods#host),
  "METHOD_CONTROLLER_TYPE_MAP": Symbol(EggPrototype#controller#mthods),
  "METHOD_MIDDLEWARES": Symbol(EggPrototype#method#middlewares),
  "MetadataUtil": [Function],
  "MethodInfoUtil": [Function],
  "MethodType": {
    "HTTP": "HTTP",
    "MESSAGE": "MESSAGE",
    "MGW_RPC": "MGW_RPC",
    "MGW_RPC_STREAM": "MGW_RPC_STREAM",
    "SCHEDULE": "SCHEDULE",
    "SOFA_RPC": "SOFA_RPC",
    "SOFA_RPC_STREAM": "SOFA_RPC_STREAM",
  },
  "MethodValidator": [Function],
  "Middleware": [Function],
  "ModuleConfigHolder": undefined,
  "ModuleConfigs": [Function],
  "ModuleQualifier": [Function],
  "MultiInstanceInfo": [Function],
  "MultiInstanceProto": [Function],
  "MultiInstanceType": {
    "DYNAMIC": "DYNAMIC",
    "STATIC": "STATIC",
  },
  "ObjectInitType": {
    "ALWAYS_NEW": "ALWAYS_NEW",
    "CONTEXT": "CONTEXT",
    "SINGLETON": "SINGLETON",
  },
  "PROPERTY_QUALIFIER_META_DATA": Symbol(EggPrototype#propertyQualifier),
  "ParamMeta": [Function],
  "ParamMetaUtil": [Function],
  "PathParamMeta": [Function],
  "Prototype": [Function],
  "PrototypeUtil": [Function],
  "QUALIFIER_IMPL_MAP": Symbol(EggPrototype#qualifierImplMap),
  "QUALIFIER_META_DATA": Symbol(EggPrototype#qualifier),
  "QualifierImplDecoratorUtil": [Function],
  "QualifierImplUtil": [Function],
  "QualifierUtil": [Function],
  "QueriesParamMeta": [Function],
  "QueryParamMeta": [Function],
  "Request": [Function],
  "RequestParamMeta": [Function],
  "RuntimeConfig": undefined,
  "SingletonProto": [Function],
  "aop": {
    "ASPECT_LIST": Symbol(EggPrototype#aspectList),
    "Advice": [Function],
    "AdviceInfoUtil": [Function],
    "Aspect": [Function],
    "AspectBuilder": [Function],
    "AspectInfoUtil": [Function],
    "AspectMetaBuilder": [Function],
    "CROSSCUT_INFO_LIST": Symbol(EggPrototype#crosscutInfoList),
    "ClassPointInfo": [Function],
    "Crosscut": [Function],
    "CrosscutAdviceFactory": [Function],
    "CrosscutInfoUtil": [Function],
    "CustomPointInfo": [Function],
    "IS_ADVICE": Symbol(EggPrototype#isAdvice),
    "IS_CROSSCUT_ADVICE": Symbol(EggPrototype#isCrosscutAdvice),
    "NamePointInfo": [Function],
    "POINTCUT_ADVICE_INFO_LIAR": Symbol(EggPrototype#pointcutAdviceInfoList),
    "Pointcut": [Function],
    "PointcutAdviceInfoUtil": [Function],
    "PointcutType": {
      "CLASS": "CLASS",
      "CUSTOM": "CUSTOM",
      "NAME": "NAME",
    },
  },
  "orm": {
    "Attribute": [Function],
    "AttributeMeta": [Function],
    "AttributeMetaBuilder": [Function],
    "DataSource": [Function],
    "IS_MODEL": Symbol(EggPrototype#model#isModel),
    "Index": [Function],
    "IndexMeta": [Function],
    "IndexMetaBuilder": [Function],
    "MODEL_DATA_ATTRIBUTES": Symbol(EggPrototype#model#attributes),
    "MODEL_DATA_INDICES": Symbol(EggPrototype#model#indices),
    "MODEL_DATA_SOURCE": Symbol(EggPrototype#model#dataSource),
    "MODEL_DATA_TABLE_NAME": Symbol(EggPrototype#model#tableName),
    "MODEL_METADATA": Symbol(EggPrototype#model#metadata),
    "MODEL_PROTO_IMPL_TYPE": "MODEL_PROTO",
    "Model": [Function],
    "ModelInfoUtil": [Function],
    "ModelMetaBuilder": [Function],
    "ModelMetadata": [Function],
    "ModelMetadataUtil": [Function],
    "NameUtil": [Function],
  },
  "schedule": {
    "IS_SCHEDULE": Symbol(EggPrototype#isSchedule),
    "SCHEDULE_METADATA": Symbol(EggPrototype#schedule#metadata),
    "SCHEDULE_OPTIONS": Symbol(EggPrototype#schedule#options),
    "SCHEDULE_PARAMS": Symbol(EggPrototype#schedule#params),
    "Schedule": [Function],
    "ScheduleInfoUtil": [Function],
    "ScheduleMetaBuilder": [Function],
    "ScheduleMetadata": [Function],
    "ScheduleMetadataUtil": [Function],
    "ScheduleType": {
      "ALL": "all",
      "WORKER": "worker",
    },
  },
}
`;
