// Vitest Snapshot v1, https://vitest.dev/guide/snapshot.html

exports[`test/dal/index.test.ts > should export stable 1`] = `
{
  "Column": [Function],
  "ColumnFormat": {
    "DEFAULT": "DEFAULT",
    "DYNAMIC": "DYNAMIC",
    "FIXED": "FIXED",
  },
  "ColumnInfoUtil": [Function],
  "ColumnModel": [Function],
  "ColumnType": {
    "BIGINT": "BIGINT",
    "BINARY": "BINARY",
    "BIT": "BIT",
    "BLOB": "BLOB",
    "BOOL": "BOOL",
    "CHAR": "CHAR",
    "DATE": "DATE",
    "DATETIME": "DATETIME",
    "DECIMAL": "DECIMAL",
    "DOUBLE": "DOUBLE",
    "ENUM": "ENUM",
    "FLOAT": "FLOAT",
    "GEOMETRY": "GEOMETRY",
    "GEOMETRYCOLLECTION": "GEOMETRYCOLLECTION",
    "INT": "INT",
    "JSON": "JSON",
    "LINESTRING": "LINESTRING",
    "LONGBLOB": "LONGBLOB",
    "LONGTEXT": "LONGTEXT",
    "MEDIUMBLOB": "MEDIUMBLOB",
    "MEDIUMINT": "MEDIUMINT",
    "MEDIUMTEXT": "MEDIUMTEXT",
    "MULTILINESTRING": "MULTILINESTRING",
    "MULTIPOINT": "MULTIPOINT",
    "MULTIPOLYGON": "MULTIPOLYGON",
    "POINT": "POINT",
    "POLYGON": "POLYGON",
    "SET": "SET",
    "SMALLINT": "SMALLINT",
    "TEXT": "TEXT",
    "TIME": "TIME",
    "TIMESTAMP": "TIMESTAMP",
    "TINYBLOB": "TINYBLOB",
    "TINYINT": "TINYINT",
    "TINYTEXT": "TINYTEXT",
    "VARBINARY": "VARBINARY",
    "VARCHAR": "VARCHAR",
    "YEAR": "YEAR",
  },
  "CompressionType": {
    "LZ4": "LZ4",
    "NONE": "NONE",
    "ZLIB": "ZLIB",
  },
  "DAL_COLUMN_INFO_MAP": Symbol(EggPrototype#dalColumnInfoMap),
  "DAL_COLUMN_TYPE_MAP": Symbol(EggPrototype#dalColumnTypeMap),
  "DAL_INDEX_LIST": Symbol(EggPrototype#dalIndexList),
  "DAL_IS_DAO": Symbol(EggPrototype#dalIsDao),
  "DAL_IS_TABLE": Symbol(EggPrototype#dalIsTable),
  "DAL_TABLE_PARAMS": Symbol(EggPrototype#dalTableParams),
  "Dao": [Function],
  "DaoInfoUtil": [Function],
  "DataSourceInjectName": "dataSource",
  "DataSourceQualifier": [Function],
  "DataSourceQualifierAttribute": Symbol(Qualifier.DataSource),
  "DeleteResult": undefined,
  "Index": [Function],
  "IndexInfoUtil": [Function],
  "IndexModel": [Function],
  "IndexStoreType": {
    "BTREE": "BTREE",
    "HASH": "HASH",
  },
  "IndexType": {
    "FULLTEXT": "FULLTEXT",
    "INDEX": "INDEX",
    "PRIMARY": "PRIMARY",
    "SPATIAL": "SPATIAL",
    "UNIQUE": "UNIQUE",
  },
  "InsertMethod": {
    "FIRST": "FIRST",
    "LAST": "LAST",
    "NO": "NO",
  },
  "InsertResult": undefined,
  "RowFormat": {
    "COMPACT": "COMPACT",
    "COMPRESSED": "COMPRESSED",
    "DEFAULT": "DEFAULT",
    "DYNAMIC": "DYNAMIC",
    "FIXED": "FIXED",
    "REDUNDANT": "REDUNDANT",
  },
  "SpatialHelper": [Function],
  "SqlType": {
    "BLOCK": "BLOCK",
    "DELETE": "DELETE",
    "INSERT": "INSERT",
    "SELECT": "SELECT",
    "UPDATE": "UPDATE",
  },
  "TABLE_CLAZZ_LIST": [
    [Function],
  ],
  "Table": [Function],
  "TableInfoUtil": [Function],
  "TableModel": [Function],
  "Templates": {
    "BASE_DAO": "base_dao",
    "DAO": "dao",
    "EXTENSION": "extension",
  },
  "UpdateResult": undefined,
}
`;
